// Jest Snapshot v1, https://goo.gl/fbAQLP

exports[`testing GifExpertApp should match the snapshot 1`] = `
<div>
  <h1>
    My GifExpertApp
  </h1>
  <form
    aria-label="form"
  >
    <input
      placeholder="Buscar gif"
      type="text"
      value=""
    />
  </form>
</div>
`;
