// Jest Snapshot v1, https://goo.gl/fbAQLP

exports[`Testing the snapshot should be the same as expected 1`] = `
<div>
  <div
    class="card"
  >
    <img
      alt="Simpons"
      src="https://thesimpson.com/"
    />
    <p>
      Simpons
    </p>
  </div>
</div>
`;
